
> gate-pass-system@2.0.0 build
> next build

   Γû▓ Next.js 15.5.6
   - Environments: .env

   Creating an optimized production build ...
 Γ£ô Compiled successfully in 3.9s
   Linting and checking validity of types ...

./src/app/admin/activity/page.tsx
36:38  Warning: Unexpected any. Specify a different type.  @typescript-eslint/no-explicit-any
158:8  Warning: React Hook useEffect has missing dependencies: 'fetchLogs' and 'router'. Either include them or remove the dependency array.  react-hooks/exhaustive-deps

./src/app/admin/dashboard/page.tsx
35:38  Warning: Unexpected any. Specify a different type.  @typescript-eslint/no-explicit-any
151:8  Warning: React Hook useEffect has a missing dependency: 'router'. Either include it or remove the dependency array.  react-hooks/exhaustive-deps

./src/app/admin/login/page.tsx
74:23  Warning: Unexpected any. Specify a different type.  @typescript-eslint/no-explicit-any

./src/app/admin/requests/page.tsx
33:38  Warning: Unexpected any. Specify a different type.  @typescript-eslint/no-explicit-any
161:8  Warning: React Hook useEffect has missing dependencies: 'fetchRequests' and 'router'. Either include them or remove the dependency array.  react-hooks/exhaustive-deps

./src/app/admin/requests/[id]/page.tsx
206:8  Warning: React Hook useEffect has a missing dependency: 'router'. Either include it or remove the dependency array.  react-hooks/exhaustive-deps

./src/app/admin/users/page.tsx
33:38  Warning: Unexpected any. Specify a different type.  @typescript-eslint/no-explicit-any
170:8  Warning: React Hook useEffect has a missing dependency: 'router'. Either include it or remove the dependency array.  react-hooks/exhaustive-deps
267:25  Warning: Unexpected any. Specify a different type.  @typescript-eslint/no-explicit-any
297:23  Warning: Unexpected any. Specify a different type.  @typescript-eslint/no-explicit-any

./src/app/api/admin/dashboard/charts/route.ts
6:69  Warning: 'user' is defined but never used.  @typescript-eslint/no-unused-vars
87:25  Warning: Unexpected any. Specify a different type.  @typescript-eslint/no-explicit-any

./src/app/api/admin/dashboard/summary/route.ts
6:64  Warning: 'req' is defined but never used.  @typescript-eslint/no-unused-vars
6:69  Warning: 'user' is defined but never used.  @typescript-eslint/no-unused-vars
55:25  Warning: Unexpected any. Specify a different type.  @typescript-eslint/no-explicit-any

./src/app/api/admin/logs/route.ts
6:64  Warning: 'user' is defined but never used.  @typescript-eslint/no-unused-vars
14:26  Warning: Unexpected any. Specify a different type.  @typescript-eslint/no-explicit-any
60:25  Warning: Unexpected any. Specify a different type.  @typescript-eslint/no-explicit-any

./src/app/api/admin/permissions/route.ts
6:46  Warning: 'req' is defined but never used.  @typescript-eslint/no-unused-vars
6:51  Warning: 'user' is defined but never used.  @typescript-eslint/no-unused-vars
19:25  Warning: Unexpected any. Specify a different type.  @typescript-eslint/no-explicit-any

./src/app/api/admin/requests/route.ts
7:70  Warning: 'user' is defined but never used.  @typescript-eslint/no-unused-vars
22:26  Warning: Unexpected any. Specify a different type.  @typescript-eslint/no-explicit-any
93:25  Warning: Unexpected any. Specify a different type.  @typescript-eslint/no-explicit-any

./src/app/api/admin/requests/[id]/approve/route.ts
48:35  Warning: Unexpected any. Specify a different type.  @typescript-eslint/no-explicit-any
86:57  Warning: Unexpected any. Specify a different type.  @typescript-eslint/no-explicit-any
157:25  Warning: Unexpected any. Specify a different type.  @typescript-eslint/no-explicit-any

./src/app/api/admin/requests/[id]/reject/route.ts
92:25  Warning: Unexpected any. Specify a different type.  @typescript-eslint/no-explicit-any

./src/app/api/admin/requests/[id]/route.ts
10:65  Warning: 'req' is defined but never used.  @typescript-eslint/no-unused-vars
10:70  Warning: 'user' is defined but never used.  @typescript-eslint/no-unused-vars
78:25  Warning: Unexpected any. Specify a different type.  @typescript-eslint/no-explicit-any
126:31  Warning: Unexpected any. Specify a different type.  @typescript-eslint/no-explicit-any
162:25  Warning: Unexpected any. Specify a different type.  @typescript-eslint/no-explicit-any

./src/app/api/admin/users/route.ts
7:62  Warning: 'req' is defined but never used.  @typescript-eslint/no-unused-vars
7:67  Warning: 'user' is defined but never used.  @typescript-eslint/no-unused-vars
22:50  Warning: Unexpected any. Specify a different type.  @typescript-eslint/no-explicit-any
30:53  Warning: Unexpected any. Specify a different type.  @typescript-eslint/no-explicit-any
42:25  Warning: Unexpected any. Specify a different type.  @typescript-eslint/no-explicit-any
126:54  Warning: Unexpected any. Specify a different type.  @typescript-eslint/no-explicit-any
150:25  Warning: Unexpected any. Specify a different type.  @typescript-eslint/no-explicit-any

./src/app/api/admin/users/[id]/route.ts
48:31  Warning: Unexpected any. Specify a different type.  @typescript-eslint/no-explicit-any
76:59  Warning: Unexpected any. Specify a different type.  @typescript-eslint/no-explicit-any
115:25  Warning: Unexpected any. Specify a different type.  @typescript-eslint/no-explicit-any
192:25  Warning: Unexpected any. Specify a different type.  @typescript-eslint/no-explicit-any

./src/app/api/auth/login/route.ts
126:21  Warning: Unexpected any. Specify a different type.  @typescript-eslint/no-explicit-any

./src/app/api/auth/me/route.ts
52:55  Warning: Unexpected any. Specify a different type.  @typescript-eslint/no-explicit-any
67:21  Warning: Unexpected any. Specify a different type.  @typescript-eslint/no-explicit-any

./src/app/api/requests/route.ts
178:21  Warning: Unexpected any. Specify a different type.  @typescript-eslint/no-explicit-any

./src/app/gate-pass/page.tsx
106:23  Warning: Unexpected any. Specify a different type.  @typescript-eslint/no-explicit-any

./src/components/layout/AdminLayout.tsx
21:13  Warning: 'hasPermission' is assigned a value but never used.  @typescript-eslint/no-unused-vars

./src/components/layout/PageHeader.tsx
2:10  Warning: 'Button' is defined but never used.  @typescript-eslint/no-unused-vars

./src/hooks/useFetch.ts
4:24  Warning: Unexpected any. Specify a different type.  @typescript-eslint/no-explicit-any
6:20  Warning: Unexpected any. Specify a different type.  @typescript-eslint/no-explicit-any
9:30  Warning: Unexpected any. Specify a different type.  @typescript-eslint/no-explicit-any
57:8  Warning: React Hook useEffect has missing dependencies: 'onError' and 'onSuccess'. Either include them or remove the dependency array.  react-hooks/exhaustive-deps
57:14  Warning: React Hook useEffect has a spread element in its dependency array. This means we can't statically verify whether you've passed the correct dependencies.  react-hooks/exhaustive-deps

./src/lib/auth.ts
3:10  Warning: 'User' is defined but never used.  @typescript-eslint/no-unused-vars

./src/lib/sohar-port/client.ts
83:23  Warning: Unexpected any. Specify a different type.  @typescript-eslint/no-explicit-any
110:25  Warning: Unexpected any. Specify a different type.  @typescript-eslint/no-explicit-any
129:32  Warning: Unexpected any. Specify a different type.  @typescript-eslint/no-explicit-any
193:32  Warning: Unexpected any. Specify a different type.  @typescript-eslint/no-explicit-any
197:24  Warning: Unexpected any. Specify a different type.  @typescript-eslint/no-explicit-any

./src/lib/sohar-port/receive/get-gate-pass.ts
23:47  Warning: Unexpected any. Specify a different type.  @typescript-eslint/no-explicit-any
55:21  Warning: Unexpected any. Specify a different type.  @typescript-eslint/no-explicit-any

./src/lib/sohar-port/receive/list-gate-passes.ts
33:47  Warning: Unexpected any. Specify a different type.  @typescript-eslint/no-explicit-any
43:45  Warning: Unexpected any. Specify a different type.  @typescript-eslint/no-explicit-any
72:21  Warning: Unexpected any. Specify a different type.  @typescript-eslint/no-explicit-any

./src/lib/sohar-port/send/create-gate-pass.ts
23:56  Warning: Unexpected any. Specify a different type.  @typescript-eslint/no-explicit-any
44:21  Warning: Unexpected any. Specify a different type.  @typescript-eslint/no-explicit-any

./src/lib/sohar-port/types.ts
61:34  Warning: Unexpected any. Specify a different type.  @typescript-eslint/no-explicit-any
83:34  Warning: Unexpected any. Specify a different type.  @typescript-eslint/no-explicit-any
139:31  Warning: Unexpected any. Specify a different type.  @typescript-eslint/no-explicit-any
223:12  Warning: Unexpected any. Specify a different type.  @typescript-eslint/no-explicit-any
240:26  Warning: Unexpected any. Specify a different type.  @typescript-eslint/no-explicit-any
252:44  Warning: Unexpected any. Specify a different type.  @typescript-eslint/no-explicit-any
263:70  Warning: Unexpected any. Specify a different type.  @typescript-eslint/no-explicit-any
274:44  Warning: Unexpected any. Specify a different type.  @typescript-eslint/no-explicit-any
285:44  Warning: Unexpected any. Specify a different type.  @typescript-eslint/no-explicit-any
305:19  Warning: Unexpected any. Specify a different type.  @typescript-eslint/no-explicit-any
306:20  Warning: Unexpected any. Specify a different type.  @typescript-eslint/no-explicit-any

./src/lib/sohar-port/utils/logger.ts
40:57  Warning: Unexpected any. Specify a different type.  @typescript-eslint/no-explicit-any
47:52  Warning: Unexpected any. Specify a different type.  @typescript-eslint/no-explicit-any

./src/lib/sohar-port-api.ts
16:19  Warning: Unexpected any. Specify a different type.  @typescript-eslint/no-explicit-any
78:21  Warning: Unexpected any. Specify a different type.  @typescript-eslint/no-explicit-any

./src/middleware/api.ts
79:63  Warning: Unexpected any. Specify a different type.  @typescript-eslint/no-explicit-any
109:36  Warning: Unexpected any. Specify a different type.  @typescript-eslint/no-explicit-any
133:11  Warning: Unexpected any. Specify a different type.  @typescript-eslint/no-explicit-any

./src/utils/helpers.ts
80:57  Warning: Unexpected any. Specify a different type.  @typescript-eslint/no-explicit-any

info  - Need to disable some ESLint rules? Learn more here: https://nextjs.org/docs/app/api-reference/config/eslint#disabling-rules
npm : Failed to compile.
At line:1 char:1
+ npm run build *> 
build-output.txt 2>&1; 
Get-Content 
build-output.txt  ...
+ ~~~~~~~~~~~~~~~~~~~~~~~~~~
~~~~~~~~~~~~
    + CategoryInfo          
    : NotSpecified: (Faile  
  d to compile.:String) [   
 ], RemoteException
    + FullyQualifiedErrorId 
    : NativeCommandError
 

./src/app/api/requests/route
.ts:133:17
Type error: Type 'string | 
null' is not assignable to 
type 
'NullableJsonNullValueInput 
| InputJsonValue | 
undefined'.
  Type 'null' is not 
assignable to type 
'NullableJsonNullValueInput 
| InputJsonValue | 
undefined'.

[0m [90m 131 |[39m       
          
dateOfVisit[33m:[39m 
[36mnew[39m [33mDate[39m
(dateOfVisit)[33m,[39m
 [90m 132 |[39m           
      
requestType[33m:[39m 
requestType [36mas[39m [3
3mRequestType[39m[33m,[39
m
[31m[1m>[22m[39m[90m 
133 |[39m                 
extraFields[33m:[39m 
extraFields [33m?[39m [33
mJSON[39m[33m.[39mstringi
fy(extraFields) [33m:[39m 
[36mnull[39m[33m,[39m
 [90m     |[39m           
      [31m[1m^[22m[39m
 [90m 134 |[39m           
  }[33m,[39m
 [90m 135 |[39m         
})[33m;[39m
 [90m 136 |[39m[0m
Next.js build worker exited 
with code: 1 and signal: 
null
